// Jest Snapshot v1, https://goo.gl/fbAQLP

exports[`Tests del componente GifItem Debe hacer match con el snapshot 1`] = `
<div>
  <div
    class="card"
  >
    <img
      alt="Saitama"
      src="https://media.giphy.com/media/3o7TKsQ8DmMoyyXQWU/saitama.gif"
    />
    <p>
      Saitama
    </p>
  </div>
</div>
`;
